[brucecai55520.gitee.io/bruceblog/notes/nodejs/node.html]
[backblue.gif]
[fade.gif]
[index.html]
[brucecai55520.gitee.io/bruceblog/img/logo.png]
[brucecai55520.gitee.io/bruceblog/assets/css/0.styles.748e9da5.css]
[brucecai55520.gitee.io/bruceblog/assets/js/app.61d3ee39.js]
[brucecai55520.gitee.io/bruceblog/assets/js/2.19982ce3.js]
[brucecai55520.gitee.io/bruceblog/assets/js/34.4ab2ae0b.js]
[brucecai55520.gitee.io/bruceblog/assets/js/10.78aedeef.js]
[brucecai55520.gitee.io/bruceblog/assets/js/11.ee9c8590.js]
[brucecai55520.gitee.io/bruceblog/assets/js/12.9849068a.js]
[brucecai55520.gitee.io/bruceblog/assets/js/13.569cc711.js]
[brucecai55520.gitee.io/bruceblog/assets/js/14.95f8ce1d.js]
[brucecai55520.gitee.io/bruceblog/assets/js/15.d418b103.js]
[brucecai55520.gitee.io/bruceblog/assets/js/16.b9b87f51.js]
[brucecai55520.gitee.io/bruceblog/assets/js/17.89a4707d.js]
[brucecai55520.gitee.io/bruceblog/assets/js/18.c9369269.js]
[brucecai55520.gitee.io/bruceblog/assets/js/19.d2f46331.js]
[brucecai55520.gitee.io/bruceblog/assets/js/20.fef359ab.js]
[brucecai55520.gitee.io/bruceblog/assets/js/21.f3e66835.js]
[brucecai55520.gitee.io/bruceblog/assets/js/22.d459473d.js]
[brucecai55520.gitee.io/bruceblog/assets/js/23.a16134d5.js]
[brucecai55520.gitee.io/bruceblog/assets/js/24.55fe850c.js]
[brucecai55520.gitee.io/bruceblog/assets/js/25.49ad2272.js]
[brucecai55520.gitee.io/bruceblog/assets/js/26.b03ef2fc.js]
[brucecai55520.gitee.io/bruceblog/assets/js/27.c12033df.js]
[brucecai55520.gitee.io/bruceblog/assets/js/28.78b29e40.js]
[brucecai55520.gitee.io/bruceblog/assets/js/29.a9055f8f.js]
[brucecai55520.gitee.io/bruceblog/assets/js/3.118fd75b.js]
[brucecai55520.gitee.io/bruceblog/assets/js/30.58b7fbb7.js]
[brucecai55520.gitee.io/bruceblog/assets/js/31.e9d892fa.js]
[brucecai55520.gitee.io/bruceblog/assets/js/32.3e39e56d.js]
[brucecai55520.gitee.io/bruceblog/assets/js/33.4ffdef8a.js]
[brucecai55520.gitee.io/bruceblog/assets/js/35.2c978cfc.js]
[brucecai55520.gitee.io/bruceblog/assets/js/36.476ca199.js]
[brucecai55520.gitee.io/bruceblog/assets/js/37.b8f7eec4.js]
[brucecai55520.gitee.io/bruceblog/assets/js/38.0125cf1e.js]
[brucecai55520.gitee.io/bruceblog/assets/js/39.75b15a37.js]
[brucecai55520.gitee.io/bruceblog/assets/js/4.4fd96b9d.js]
[brucecai55520.gitee.io/bruceblog/assets/js/40.ad8fa4d1.js]
[brucecai55520.gitee.io/bruceblog/assets/js/41.5877c34f.js]
[brucecai55520.gitee.io/bruceblog/assets/js/42.fa05716e.js]
[brucecai55520.gitee.io/bruceblog/assets/js/43.5954ffe8.js]
[brucecai55520.gitee.io/bruceblog/assets/js/44.d7373724.js]
[brucecai55520.gitee.io/bruceblog/assets/js/45.dc9a5839.js]
[brucecai55520.gitee.io/bruceblog/assets/js/46.77645d1c.js]
[brucecai55520.gitee.io/bruceblog/assets/js/47.1e005bed.js]
[brucecai55520.gitee.io/bruceblog/assets/js/48.5e77d7ff.js]
[brucecai55520.gitee.io/bruceblog/assets/js/49.0b30af0e.js]
[brucecai55520.gitee.io/bruceblog/assets/js/5.b47bdd56.js]
[brucecai55520.gitee.io/bruceblog/assets/js/50.4270848d.js]
[brucecai55520.gitee.io/bruceblog/assets/js/51.69652ec3.js]
[brucecai55520.gitee.io/bruceblog/assets/js/52.ebde1952.js]
[brucecai55520.gitee.io/bruceblog/assets/js/53.c99dfb46.js]
[brucecai55520.gitee.io/bruceblog/assets/js/6.5f8b1556.js]
[brucecai55520.gitee.io/bruceblog/assets/js/7.4509cb6d.js]
[brucecai55520.gitee.io/bruceblog/assets/js/8.244413e3.js]
[brucecai55520.gitee.io/bruceblog/assets/js/9.b74a9359.js]
[brucecai55520.gitee.io/bruceblog/notes/nodejs/express.html]
[brucecai55520.gitee.io/bruceblog/notes/nodejs/mysql.html]
[brucecai55520.gitee.io/bruceblog/notes/nodejs/node.html]
[brucecai55520.gitee.io/bruceblog/assets/css/0.styles.748e9da5.css]
[brucecai55520.gitee.io/bruceblog/notes/nodejs/express.html]
[brucecai55520.gitee.io/bruceblog/notes/nodejs/ev_api_server.html]
[brucecai55520.gitee.io/bruceblog/assets/img/Session.c66d5499.png]
[brucecai55520.gitee.io/bruceblog/assets/img/JWT.6a82c41d.png]
[brucecai55520.gitee.io/bruceblog/notes/nodejs/mysql.html]
[brucecai55520.gitee.io/bruceblog/assets/img/ev_users.77f8cdd3.png]
[brucecai55520.gitee.io/bruceblog/assets/img/ev_article_cate.f52fe7ce.png]
[brucecai55520.gitee.io/bruceblog/assets/img/ev_articles.01220b03.png]
[brucecai55520.gitee.io/bruceblog/notes/nodejs/ev_api_server.html]
